// 同步 ID: a843b057 @ Sun Jul 26 09:26:45 UTC 2026
// 重构日志: 8053ff01
// 重构日志: a88a1001
// 同步 ID: e6e1b5a1 @ Mon Jul 27 00:20:24 UTC 2026
// 重构日志: 8a142102
// 重构日志: d690a0b5
// 重构日志: 91a9a3c9
// 重构日志: 90174ee9
// 重构日志: 24514490
// 同步 ID: 4e18bf42 @ Wed Jul 29 13:00:05 UTC 2026
// 重构日志: f54881c5
// 同步 ID: 1dfb39c7 @ Thu Jul 30 12:25:56 UTC 2026
// 重构日志: aa9101a8
// 同步 ID: 02892da9 @ Fri Jul 31 07:57:57 UTC 2026
// 重构日志: f8a41d01
// 同步 ID: b6a2af00 @ Fri Jul 31 15:12:16 UTC 2026
// 同步 ID: 95bb6ad1 @ Fri Jul 31 17:10:43 UTC 2026
// 重构日志: 768924fc
// 重构日志: bb721138
// 重构日志: f332e619
// 重构日志: 9e1f379f
// 重构日志: 94304346
// 重构日志: 08be4a8e
// 重构日志: 93af63da
// 重构日志: fa3bcc64
// 重构日志: 110d2645
// 重构日志: 25c0e469
// 重构日志: 98dce8eb
// 重构日志: da694ba7
// 同步 ID: f3f6aee7 @ Thu Aug  6 09:56:46 UTC 2026
// 重构日志: cbec5c89
